DEBUG    root:backend.py:24 Connecting to college database...
CRITICAL root:backend.py:25 College database has not yet been implemented!
DEBUG    root:backend.py:24 Connecting to college database...
CRITICAL root:backend.py:25 College database has not yet been implemented!
DEBUG    root:backend.py:15 Connecting to personal (local) database...
DEBUG    root:backend.py:31 Connected to database
DEBUG    root:backend.py:15 Connecting to personal (local) database...
DEBUG    root:backend.py:31 Connected to database
DEBUG    root:backend.py:65 past_ID = (1,)
DEBUG    root:backend.py:72 new_ID = 2
DEBUG    root:backend.py:15 Connecting to personal (local) database...
DEBUG    root:backend.py:31 Connected to database
DEBUG    root:backend.py:65 past_ID = (1,)
DEBUG    root:backend.py:72 new_ID = 2
DEBUG    root:backend.py:15 Connecting to personal (local) database...
DEBUG    root:backend.py:31 Connected to database
DEBUG    root:backend.py:65 past_ID = None
DEBUG    root:backend.py:72 new_ID = 1
DEBUG    root:backend.py:15 Connecting to personal (local) database...
DEBUG    root:backend.py:31 Connected to database
DEBUG    root:backend.py:65 past_ID = None
DEBUG    root:backend.py:72 new_ID = 1
DEBUG    root:backend.py:15 Connecting to personal (local) database...
DEBUG    root:backend.py:31 Connected to database
DEBUG    root:backend.py:65 past_ID = None
DEBUG    root:backend.py:72 new_ID = 1
DEBUG    root:backend.py:15 Connecting to personal (local) database...
DEBUG    root:backend.py:31 Connected to database
DEBUG    root:backend.py:65 past_ID = None
DEBUG    root:backend.py:72 new_ID = 1
DEBUG    root:backend.py:15 Connecting to personal (local) database...
DEBUG    root:backend.py:31 Connected to database
DEBUG    root:backend.py:99 users = [(1, 'George', 'Cooke', '25cookeg899@collyers.ac.uk', 'SuperPassword123', '07802 447089', 'ADMIN')]
DEBUG    root:backend.py:15 Connecting to personal (local) database...
DEBUG    root:backend.py:31 Connected to database
DEBUG    root:backend.py:99 users = []
